// Jest Snapshot v1, https://goo.gl/fbAQLP

exports[`Pruebas <GifItem /> should match snapshot 1`] = `
<div>
  <div
    class="card"
  >
    <img
      alt="Prueba"
      src="www.google.com"
    />
    <p>
      Prueba
    </p>
  </div>
</div>
`;
