// Jest Snapshot v1, https://goo.gl/fbAQLP

exports[`Pruebas <GifItem /> should match snapshot 1`] = `
<div>
  <div
    class="card"
  >
    <img
      alt="Haikyuu"
      src="https://uwww.google.com/algo.jpg"
    />
    <p>
      Haikyuu
    </p>
  </div>
</div>
`;
